<math class="ltx_Math" display="inline" kmcs-r="__MATH_0__"><mn>3</mn><annotation-xml encoding="MathML-Content"><cn type="integer">3</cn></annotation-xml></math>
<math class="ltx_Math" display="inline" kmcs-r="__MATH_1__"><mn>4</mn><annotation-xml encoding="MathML-Content"><cn type="integer">4</cn></annotation-xml></math>
<math class="ltx_Math" display="inline" kmcs-r="__MATH_2__"><mn>3</mn><annotation-xml encoding="MathML-Content"><cn type="integer">3</cn></annotation-xml></math>
<math class="ltx_Math" display="inline" kmcs-r="__MATH_3__"><mi>G</mi><annotation-xml encoding="MathML-Content"><ci>𝐺</ci></annotation-xml></math>
<math class="ltx_Math" display="inline" kmcs-r="__MATH_4__"><mi>G</mi><annotation-xml encoding="MathML-Content"><ci>𝐺</ci></annotation-xml></math>
<math class="ltx_Math" display="inline" kmcs-r="__MATH_5__"><mn>4</mn><annotation-xml encoding="MathML-Content"><cn type="integer">4</cn></annotation-xml></math>
<math class="ltx_Math" display="inline" kmcs-r="__MATH_6__"><msub><mi>K</mi><mn>4</mn></msub><annotation-xml encoding="MathML-Content"><apply><csymbol cd="ambiguous">subscript</csymbol><ci>𝐾</ci><cn type="integer">4</cn></apply></annotation-xml></math>
<math class="ltx_Math" display="inline" kmcs-r="__MATH_7__"><mn>4</mn><annotation-xml encoding="MathML-Content"><cn type="integer">4</cn></annotation-xml></math>
<math class="ltx_Math" display="inline" kmcs-r="__MATH_8__"><msub><mi>Pl</mi><mn>4</mn></msub><annotation-xml encoding="MathML-Content"><apply><csymbol cd="ambiguous">subscript</csymbol><ci>Pl</ci><cn type="integer">4</cn></apply></annotation-xml></math>
<math class="ltx_Math" display="inline" kmcs-r="__MATH_9__"><msub><mi>Pl</mi><mn>4</mn></msub><annotation-xml encoding="MathML-Content"><apply><csymbol cd="ambiguous">subscript</csymbol><ci>Pl</ci><cn type="integer">4</cn></apply></annotation-xml></math>
<math class="ltx_Math" display="inline" kmcs-r="__MATH_10__"><msub><mi>H</mi><mn>1</mn></msub><annotation-xml encoding="MathML-Content"><apply><csymbol cd="ambiguous">subscript</csymbol><ci>𝐻</ci><cn type="integer">1</cn></apply></annotation-xml></math>
<math class="ltx_Math" display="inline" kmcs-r="__MATH_11__"><mrow><msub><mi>H</mi><mn>0</mn></msub><mo>=</mo><mrow><msub><mi>H</mi><mn>0</mn></msub><mo>⁢</mo><mrow><mo stretchy="false">(</mo><mi>u</mi><mo>,</mo><mi>v</mi><mo stretchy="false">)</mo></mrow></mrow></mrow><annotation-xml encoding="MathML-Content"><apply><eq/><apply><csymbol cd="ambiguous">subscript</csymbol><ci>𝐻</ci><cn type="integer">0</cn></apply><apply><times/><apply><csymbol cd="ambiguous">subscript</csymbol><ci>𝐻</ci><cn type="integer">0</cn></apply><interval closure="open"><ci>𝑢</ci><ci>𝑣</ci></interval></apply></apply></annotation-xml></math>
<math class="ltx_Math" display="inline" kmcs-r="__MATH_12__"><mn>3</mn><annotation-xml encoding="MathML-Content"><cn type="integer">3</cn></annotation-xml></math>
<math class="ltx_Math" display="inline" kmcs-r="__MATH_13__"><mi>u</mi><annotation-xml encoding="MathML-Content"><ci>𝑢</ci></annotation-xml></math>
<math class="ltx_Math" display="inline" kmcs-r="__MATH_14__"><mi>v</mi><annotation-xml encoding="MathML-Content"><ci>𝑣</ci></annotation-xml></math>
<math class="ltx_Math" display="inline" kmcs-r="__MATH_15__"><msub><mi>H</mi><mn>1</mn></msub><annotation-xml encoding="MathML-Content"><apply><csymbol cd="ambiguous">subscript</csymbol><ci>𝐻</ci><cn type="integer">1</cn></apply></annotation-xml></math>
<math class="ltx_Math" display="inline" kmcs-r="__MATH_16__"><msub><mi>K</mi><mn>4</mn></msub><annotation-xml encoding="MathML-Content"><apply><csymbol cd="ambiguous">subscript</csymbol><ci>𝐾</ci><cn type="integer">4</cn></apply></annotation-xml></math>
<math class="ltx_Math" display="inline" kmcs-r="__MATH_17__"><mrow><msub><mi>v</mi><mn>1</mn></msub><mo>⁢</mo><msub><mi>u</mi><mn>1</mn></msub></mrow><annotation-xml encoding="MathML-Content"><apply><times/><apply><csymbol cd="ambiguous">subscript</csymbol><ci>𝑣</ci><cn type="integer">1</cn></apply><apply><csymbol cd="ambiguous">subscript</csymbol><ci>𝑢</ci><cn type="integer">1</cn></apply></apply></annotation-xml></math>
<math class="ltx_Math" display="inline" kmcs-r="__MATH_18__"><mrow><msub><mi>v</mi><mn>2</mn></msub><mo>⁢</mo><msub><mi>u</mi><mn>2</mn></msub></mrow><annotation-xml encoding="MathML-Content"><apply><times/><apply><csymbol cd="ambiguous">subscript</csymbol><ci>𝑣</ci><cn type="integer">2</cn></apply><apply><csymbol cd="ambiguous">subscript</csymbol><ci>𝑢</ci><cn type="integer">2</cn></apply></apply></annotation-xml></math>
<math class="ltx_Math" display="inline" kmcs-r="__MATH_19__"><msub><mi>H</mi><mn>0</mn></msub><annotation-xml encoding="MathML-Content"><apply><csymbol cd="ambiguous">subscript</csymbol><ci>𝐻</ci><cn type="integer">0</cn></apply></annotation-xml></math>
